---
source: src/codegen.rs
expression: ir
---
module {
  func.func @make_arr() -> i64 {
    %0 = arith.constant 1 : i64
    %1 = arith.constant 2 : i64
    %2 = arith.constant 3 : i64
    %3 = memref.alloc() : memref<3xi64>
    %4 = arith.constant 0 : index
    memref.store %0, %3[%4] : memref<3xi64>
    %5 = arith.constant 1 : index
    memref.store %1, %3[%5] : memref<3xi64>
    %6 = arith.constant 2 : index
    memref.store %2, %3[%6] : memref<3xi64>
    %7 = arith.constant 0 : i64
    func.return %7 : i64
  }
  
}
